// Jest Snapshot v1, https://goo.gl/fbAQLP

exports[`o componente de cabe√ßalho deve ser renderizada corretamente 1`] = `<App />`;
